customer;customerId;adjuster;controlNumber;dateReceived;dateInvoiced;additional;vendorJobNumber;contact;customerInformationComments;claimNumber;insuredName;cityStateZip;lossDate;areaDamaged;insuredInformationComments;itelBenchmarkItems;pricePerSquare;benchmarkComments;closestAPSType;closestAPSConstruction;closestAPSLaminated;closestAPSAlgaeResistant;closestAPSSolarReflective;closestAPSImpactResistant;closestAPSWarranty;closestAPSComments;additionalComments
CoreLogic ITEL Demo, FL;ITELDEMO23;Admin QA ITEL Insurance;JGM8578841;9/12/2022;9/12/2022;CoreLogic;;Standard QA ITEL Contractor  Network,  gdhaliwal@corelogic.com;This is Alpha text. /;62687-ROOF;ITEL ITEL;Boston, MA 02128;9/12/2022;ROOF;This is Bravo text. /;Like Kind and Quality Products CertainTeed XT 25 IKO Marathon CertainTeed Landmark Solaris OC Duration Premium Cool AR;$213.52;The price listed is an average retail price based on Like Kind and Quality replacement shingles that are  currently available in the market today.;Architectural;Laminated;;Both;Yes;Yes/No;Lifetime;Closest available products are based on specifications provided by the submitter. /;· Currently manufactured Like Kind and Quality products were not found. Appraised Value is based on historic data and market research.  · The sample tested as linoleum. Patterns and colorations may vary.
