customer;customerId;adjuster;source;controlNumber;dateReceived;dateInvoiced;additional;vendorJobNumber;contact;customerInformationComments;claimNumber;insuredName;cityStateZip;lossDate;areaDamaged;insuredInformationComments;itelBenchmarkItems;pricePerSquare;benchmarkComments;closestAPSType;closestAPSConstruction;closestAPSLaminated;closestAPSAlgaeResistant;closestAPSSolarReflective;closestAPSImpactResistant;closestAPSWarranty;closestAPSComments;additionalComments
ITEL / Halifax, FL;ITEL0001;Kevin Abell;SeekNow;J3I8918817;10/7/2022;10/7/2022;ABC Company;NUMBER1;John Smith,email@address.com;Alpha text /;16782377;WAHAB RIAZ;Louisville, KY 40299;10/7/2022;CHIMNEY;Bravo text /;Like Kind and Quality Products CertainTeed Landmark Solaris OC Duration Premium Cool AR;$211.43;The price listed is an average retail price based on Like Kind and Quality replacement shingles that are  currently available in the market today.;Architectural;Laminated;;Both;Yes;Yes/No;Lifetime;Closest available products are based on specifications provided by the submitter. /;· Currently manufactured Like Kind and Quality products were not found. Appraised Value is based on historic data and market research.  · The sample tested as linoleum. Patterns and colorations may vary.
