customer;customerId;adjuster;controlNumber;dateReceived;dateInvoiced;additional;vendorJobNumber;contact;customerInformationComments;claimNumber;insuredName;cityStateZip;lossDate;areaDamaged;insuredInformationComments;itelBenchmarkItems;pricePerSquare;benchmarkComments;closestAPSType;closestAPSConstruction;closestAPSLaminated;closestAPSAlgaeResistant;closestAPSSolarReflective;closestAPSImpactResistant;closestAPSWarranty;closestAPSComments;additionalComments
ITEL Demonstration /Jacksonville, FL;ITELDEMO0001;ITEL Appdemo4;J3M8918816;10/7/2022;10/7/2022;;;;Alpha text /;ASP-30TEST;Henry Baker;Jacksonville, FL 32216;10/7/2022;THE ROOF;Bravo text /;Like Kind and Quality Products CertainTeed Landmark Solaris OC Duration Premium Cool AR;$213.60;The price listed is an average retail price based on Like Kind and Quality replacement shingles that are  currently available in the market today.;Architectural;Laminated;;Both;Yes;Yes/No;Lifetime;Closest available products are based on specifications provided by the submitter. /;路 Currently manufactured Like Kind and Quality products were not found. Appraised Value is based on historic data and market research.路 The sample tested as linoleum.Patterns and colorations may vary.路 Please note the price listed does not include labor.路  Globe Amerada 800-395-5674
