customer;customerId;adjuster;controlNumber;dateReceived;dateInvoiced;additional;contact;email;fax;claimNumber;insuredName;lossLocation;lossDate;areaDamaged;matchingAppResult;match1;profile;material;projection;thickness;bestColorMatch;otherCandidateColorMatches;manufactureInfo;matchingAppResultComments;matchingProductsComments;match1HelpfulComments;additionalComments;suppliers
ITEL;ITELDEMO0001;ITEL Appdemo3;S3M5863260;11/19/2019;11/19/2019;;;;;SIDING19NOV;Ian;Terre Haute, IN 47809;11/17/2019;TOP;A similar match is available, see below for supplier(s).;CertainTeed MainStreet;D5CB;Vinyl;0.5625;0.042;Cypress;Natural Clay,Spruce;www.certainteed.com / (888) 229-2540;· The originally installed product is not currently identified on mobile app tests. Matching products listed on this report are  the same as or have a reasonably similar appearance and specifications as the originally installed siding.;· Please contact the supplier(s) listed above for product pricing and ordering information. Some products may only be  available through special order, minimum quantities and additional charges may apply.Supplier delivery times may vary.;· Please contact the supplier(s) listed above for product pricing and ordering information. Some  products may only be available through special order, minimum quantities and additional charges  may apply.Supplier delivery times may vary.;· Installers should verify visual and dimensional compatibility before purchasing and installing replacement products.  · We want to hear from you! Please contact ITEL Customer Experience with any questions at 800-890-4835.;Big Buck Lumber,Menards
